4gibil
4v8bto
